<?xml version="1.0"?>
<link_info>
   <banner>TI ARM Linker Unix v15.12.1.LTS</banner>
   <copyright>Copyright (c) 1996-2015 Texas Instruments Incorporated</copyright>
   <link_time>0x584ec5bb</link_time>
   <link_errors>0x0</link_errors>
   <output_file>EmbarcadosTWFR.out</output_file>
   <entry_point>
      <name>_c_int00</name>
      <address>0x8cd5</address>
   </entry_point>
   <input_file_list>
      <input_file id="fl-2">
         <path>./</path>
         <kind>object</kind>
         <file>TarefaTeste.obj</file>
         <name>TarefaTeste.obj</name>
      </input_file>
      <input_file id="fl-3">
         <path>./</path>
         <kind>object</kind>
         <file>main.obj</file>
         <name>main.obj</name>
      </input_file>
      <input_file id="fl-4">
         <path>./</path>
         <kind>object</kind>
         <file>tm4c1294ncpdt_startup_ccs.obj</file>
         <name>tm4c1294ncpdt_startup_ccs.obj</name>
      </input_file>
      <input_file id="fl-5">
         <path>./Drivers/</path>
         <kind>object</kind>
         <file>Gpio.obj</file>
         <name>Gpio.obj</name>
      </input_file>
      <input_file id="fl-6">
         <path>./Drivers/</path>
         <kind>object</kind>
         <file>ctrDriver.obj</file>
         <name>ctrDriver.obj</name>
      </input_file>
      <input_file id="fl-7">
         <path>./Drivers/</path>
         <kind>object</kind>
         <file>drvInt.obj</file>
         <name>drvInt.obj</name>
      </input_file>
      <input_file id="fl-8">
         <path>./Drivers/</path>
         <kind>object</kind>
         <file>drvUART.obj</file>
         <name>drvUART.obj</name>
      </input_file>
      <input_file id="fl-9">
         <path>./FreeRTOS/</path>
         <kind>object</kind>
         <file>croutine.obj</file>
         <name>croutine.obj</name>
      </input_file>
      <input_file id="fl-a">
         <path>./FreeRTOS/</path>
         <kind>object</kind>
         <file>event_groups.obj</file>
         <name>event_groups.obj</name>
      </input_file>
      <input_file id="fl-b">
         <path>./FreeRTOS/</path>
         <kind>object</kind>
         <file>list.obj</file>
         <name>list.obj</name>
      </input_file>
      <input_file id="fl-c">
         <path>./FreeRTOS/</path>
         <kind>object</kind>
         <file>queue.obj</file>
         <name>queue.obj</name>
      </input_file>
      <input_file id="fl-d">
         <path>./FreeRTOS/</path>
         <kind>object</kind>
         <file>tasks.obj</file>
         <name>tasks.obj</name>
      </input_file>
      <input_file id="fl-e">
         <path>./FreeRTOS/</path>
         <kind>object</kind>
         <file>timers.obj</file>
         <name>timers.obj</name>
      </input_file>
      <input_file id="fl-f">
         <path>./FreeRTOS/portable/CCS/ARM_CM4F/</path>
         <kind>object</kind>
         <file>port.obj</file>
         <name>port.obj</name>
      </input_file>
      <input_file id="fl-10">
         <path>./FreeRTOS/portable/CCS/ARM_CM4F/</path>
         <kind>object</kind>
         <file>portasm.obj</file>
         <name>portasm.obj</name>
      </input_file>
      <input_file id="fl-11">
         <path>./FreeRTOS/portable/MemMang/</path>
         <kind>object</kind>
         <file>heap_4.obj</file>
         <name>heap_4.obj</name>
      </input_file>
      <input_file id="fl-12">
         <path>./Tasks/</path>
         <kind>object</kind>
         <file>Blink.obj</file>
         <name>Blink.obj</name>
      </input_file>
      <input_file id="fl-13">
         <path>./Tasks/</path>
         <kind>object</kind>
         <file>Hello.obj</file>
         <name>Hello.obj</name>
      </input_file>
      <input_file id="fl-14">
         <path>./driverlib/</path>
         <kind>object</kind>
         <file>gpio.obj</file>
         <name>gpio.obj</name>
      </input_file>
      <input_file id="fl-15">
         <path>./driverlib/</path>
         <kind>object</kind>
         <file>interrupt.obj</file>
         <name>interrupt.obj</name>
      </input_file>
      <input_file id="fl-16">
         <path>./driverlib/</path>
         <kind>object</kind>
         <file>sysctl.obj</file>
         <name>sysctl.obj</name>
      </input_file>
      <input_file id="fl-17">
         <path>./driverlib/</path>
         <kind>object</kind>
         <file>uart.obj</file>
         <name>uart.obj</name>
      </input_file>
      <input_file id="fl-d2">
         <path>/home/willian/ti/ccsv6/tools/compiler/ti-cgt-arm_15.12.1.LTS/lib/</path>
         <kind>archive</kind>
         <file>rtsv7M4_T_le_v4SPD16_eabi.lib</file>
         <name>boot.obj</name>
      </input_file>
      <input_file id="fl-d3">
         <path>/home/willian/ti/ccsv6/tools/compiler/ti-cgt-arm_15.12.1.LTS/lib/</path>
         <kind>archive</kind>
         <file>rtsv7M4_T_le_v4SPD16_eabi.lib</file>
         <name>copy_decompress_none.obj</name>
      </input_file>
      <input_file id="fl-d4">
         <path>/home/willian/ti/ccsv6/tools/compiler/ti-cgt-arm_15.12.1.LTS/lib/</path>
         <kind>archive</kind>
         <file>rtsv7M4_T_le_v4SPD16_eabi.lib</file>
         <name>copy_decompress_rle.obj</name>
      </input_file>
      <input_file id="fl-d5">
         <path>/home/willian/ti/ccsv6/tools/compiler/ti-cgt-arm_15.12.1.LTS/lib/</path>
         <kind>archive</kind>
         <file>rtsv7M4_T_le_v4SPD16_eabi.lib</file>
         <name>copy_zero_init.obj</name>
      </input_file>
      <input_file id="fl-d6">
         <path>/home/willian/ti/ccsv6/tools/compiler/ti-cgt-arm_15.12.1.LTS/lib/</path>
         <kind>archive</kind>
         <file>rtsv7M4_T_le_v4SPD16_eabi.lib</file>
         <name>exit.obj</name>
      </input_file>
      <input_file id="fl-d7">
         <path>/home/willian/ti/ccsv6/tools/compiler/ti-cgt-arm_15.12.1.LTS/lib/</path>
         <kind>archive</kind>
         <file>rtsv7M4_T_le_v4SPD16_eabi.lib</file>
         <name>memcpy_t2.obj</name>
      </input_file>
      <input_file id="fl-d8">
         <path>/home/willian/ti/ccsv6/tools/compiler/ti-cgt-arm_15.12.1.LTS/lib/</path>
         <kind>archive</kind>
         <file>rtsv7M4_T_le_v4SPD16_eabi.lib</file>
         <name>memset_t2.obj</name>
      </input_file>
      <input_file id="fl-d9">
         <path>/home/willian/ti/ccsv6/tools/compiler/ti-cgt-arm_15.12.1.LTS/lib/</path>
         <kind>archive</kind>
         <file>rtsv7M4_T_le_v4SPD16_eabi.lib</file>
         <name>mpu_init.obj</name>
      </input_file>
      <input_file id="fl-da">
         <path>/home/willian/ti/ccsv6/tools/compiler/ti-cgt-arm_15.12.1.LTS/lib/</path>
         <kind>archive</kind>
         <file>rtsv7M4_T_le_v4SPD16_eabi.lib</file>
         <name>pre_init.obj</name>
      </input_file>
      <input_file id="fl-db">
         <path>/home/willian/ti/ccsv6/tools/compiler/ti-cgt-arm_15.12.1.LTS/lib/</path>
         <kind>archive</kind>
         <file>rtsv7M4_T_le_v4SPD16_eabi.lib</file>
         <name>sprintf.obj</name>
      </input_file>
      <input_file id="fl-dc">
         <path>/home/willian/ti/ccsv6/tools/compiler/ti-cgt-arm_15.12.1.LTS/lib/</path>
         <kind>archive</kind>
         <file>rtsv7M4_T_le_v4SPD16_eabi.lib</file>
         <name>stkdepth_vars.obj</name>
      </input_file>
      <input_file id="fl-dd">
         <path>/home/willian/ti/ccsv6/tools/compiler/ti-cgt-arm_15.12.1.LTS/lib/</path>
         <kind>archive</kind>
         <file>rtsv7M4_T_le_v4SPD16_eabi.lib</file>
         <name>strcpy.obj</name>
      </input_file>
      <input_file id="fl-de">
         <path>/home/willian/ti/ccsv6/tools/compiler/ti-cgt-arm_15.12.1.LTS/lib/</path>
         <kind>archive</kind>
         <file>rtsv7M4_T_le_v4SPD16_eabi.lib</file>
         <name>strlen.obj</name>
      </input_file>
      <input_file id="fl-df">
         <path>/home/willian/ti/ccsv6/tools/compiler/ti-cgt-arm_15.12.1.LTS/lib/</path>
         <kind>archive</kind>
         <file>rtsv7M4_T_le_v4SPD16_eabi.lib</file>
         <name>_lock.obj</name>
      </input_file>
      <input_file id="fl-e0">
         <path>/home/willian/ti/ccsv6/tools/compiler/ti-cgt-arm_15.12.1.LTS/lib/</path>
         <kind>archive</kind>
         <file>rtsv7M4_T_le_v4SPD16_eabi.lib</file>
         <name>_printfi.obj</name>
      </input_file>
      <input_file id="fl-e1">
         <path>/home/willian/ti/ccsv6/tools/compiler/ti-cgt-arm_15.12.1.LTS/lib/</path>
         <kind>archive</kind>
         <file>rtsv7M4_T_le_v4SPD16_eabi.lib</file>
         <name>args_main.obj</name>
      </input_file>
      <input_file id="fl-e2">
         <path>/home/willian/ti/ccsv6/tools/compiler/ti-cgt-arm_15.12.1.LTS/lib/</path>
         <kind>archive</kind>
         <file>rtsv7M4_T_le_v4SPD16_eabi.lib</file>
         <name>atoi.obj</name>
      </input_file>
      <input_file id="fl-e3">
         <path>/home/willian/ti/ccsv6/tools/compiler/ti-cgt-arm_15.12.1.LTS/lib/</path>
         <kind>archive</kind>
         <file>rtsv7M4_T_le_v4SPD16_eabi.lib</file>
         <name>autoinit.obj</name>
      </input_file>
      <input_file id="fl-e4">
         <path>/home/willian/ti/ccsv6/tools/compiler/ti-cgt-arm_15.12.1.LTS/lib/</path>
         <kind>archive</kind>
         <file>rtsv7M4_T_le_v4SPD16_eabi.lib</file>
         <name>cpy_tbl.obj</name>
      </input_file>
      <input_file id="fl-e5">
         <path>/home/willian/ti/ccsv6/tools/compiler/ti-cgt-arm_15.12.1.LTS/lib/</path>
         <kind>archive</kind>
         <file>rtsv7M4_T_le_v4SPD16_eabi.lib</file>
         <name>ctype.obj</name>
      </input_file>
      <input_file id="fl-e6">
         <path>/home/willian/ti/ccsv6/tools/compiler/ti-cgt-arm_15.12.1.LTS/lib/</path>
         <kind>archive</kind>
         <file>rtsv7M4_T_le_v4SPD16_eabi.lib</file>
         <name>fd_add_t2.obj</name>
      </input_file>
      <input_file id="fl-e7">
         <path>/home/willian/ti/ccsv6/tools/compiler/ti-cgt-arm_15.12.1.LTS/lib/</path>
         <kind>archive</kind>
         <file>rtsv7M4_T_le_v4SPD16_eabi.lib</file>
         <name>fd_cmp_t2.obj</name>
      </input_file>
      <input_file id="fl-e8">
         <path>/home/willian/ti/ccsv6/tools/compiler/ti-cgt-arm_15.12.1.LTS/lib/</path>
         <kind>archive</kind>
         <file>rtsv7M4_T_le_v4SPD16_eabi.lib</file>
         <name>fd_div_t2.obj</name>
      </input_file>
      <input_file id="fl-e9">
         <path>/home/willian/ti/ccsv6/tools/compiler/ti-cgt-arm_15.12.1.LTS/lib/</path>
         <kind>archive</kind>
         <file>rtsv7M4_T_le_v4SPD16_eabi.lib</file>
         <name>fd_mul_t2.obj</name>
      </input_file>
      <input_file id="fl-ea">
         <path>/home/willian/ti/ccsv6/tools/compiler/ti-cgt-arm_15.12.1.LTS/lib/</path>
         <kind>archive</kind>
         <file>rtsv7M4_T_le_v4SPD16_eabi.lib</file>
         <name>fd_toi_t2.obj</name>
      </input_file>
      <input_file id="fl-eb">
         <path>/home/willian/ti/ccsv6/tools/compiler/ti-cgt-arm_15.12.1.LTS/lib/</path>
         <kind>archive</kind>
         <file>rtsv7M4_T_le_v4SPD16_eabi.lib</file>
         <name>i_tofd_t2.obj</name>
      </input_file>
      <input_file id="fl-ec">
         <path>/home/willian/ti/ccsv6/tools/compiler/ti-cgt-arm_15.12.1.LTS/lib/</path>
         <kind>archive</kind>
         <file>rtsv7M4_T_le_v4SPD16_eabi.lib</file>
         <name>ltoa.obj</name>
      </input_file>
      <input_file id="fl-ed">
         <path>/home/willian/ti/ccsv6/tools/compiler/ti-cgt-arm_15.12.1.LTS/lib/</path>
         <kind>archive</kind>
         <file>rtsv7M4_T_le_v4SPD16_eabi.lib</file>
         <name>memccpy.obj</name>
      </input_file>
      <input_file id="fl-ee">
         <path>/home/willian/ti/ccsv6/tools/compiler/ti-cgt-arm_15.12.1.LTS/lib/</path>
         <kind>archive</kind>
         <file>rtsv7M4_T_le_v4SPD16_eabi.lib</file>
         <name>s_frexp.obj</name>
      </input_file>
      <input_file id="fl-ef">
         <path>/home/willian/ti/ccsv6/tools/compiler/ti-cgt-arm_15.12.1.LTS/lib/</path>
         <kind>archive</kind>
         <file>rtsv7M4_T_le_v4SPD16_eabi.lib</file>
         <name>s_scalbn.obj</name>
      </input_file>
      <input_file id="fl-f0">
         <path>/home/willian/ti/ccsv6/tools/compiler/ti-cgt-arm_15.12.1.LTS/lib/</path>
         <kind>archive</kind>
         <file>rtsv7M4_T_le_v4SPD16_eabi.lib</file>
         <name>startup.obj</name>
      </input_file>
      <input_file id="fl-f1">
         <path>/home/willian/ti/ccsv6/tools/compiler/ti-cgt-arm_15.12.1.LTS/lib/</path>
         <kind>archive</kind>
         <file>rtsv7M4_T_le_v4SPD16_eabi.lib</file>
         <name>strchr.obj</name>
      </input_file>
      <input_file id="fl-f2">
         <path>/home/willian/ti/ccsv6/tools/compiler/ti-cgt-arm_15.12.1.LTS/lib/</path>
         <kind>archive</kind>
         <file>rtsv7M4_T_le_v4SPD16_eabi.lib</file>
         <name>ull_div_t2.obj</name>
      </input_file>
      <input_file id="fl-f3">
         <path>/home/willian/ti/ccsv6/tools/compiler/ti-cgt-arm_15.12.1.LTS/lib/</path>
         <kind>archive</kind>
         <file>rtsv7M4_T_le_v4SPD16_eabi.lib</file>
         <name>errno.obj</name>
      </input_file>
      <input_file id="fl-f4">
         <path>/home/willian/ti/ccsv6/tools/compiler/ti-cgt-arm_15.12.1.LTS/lib/</path>
         <kind>archive</kind>
         <file>rtsv7M4_T_le_v4SPD16_eabi.lib</file>
         <name>s_copysign.obj</name>
      </input_file>
      <input_file id="fl-f5">
         <path>/home/willian/Tivaware/driverlib/ccs/Debug/</path>
         <kind>archive</kind>
         <file>driverlib.lib</file>
         <name>cpu.obj</name>
      </input_file>
   </input_file_list>
   <object_component_list>
      <object_component id="oc-f">
         <name>.intvecs</name>
         <load_address>0x0</load_address>
         <run_address>0x0</run_address>
         <size>0x208</size>
         <input_file_ref idref="fl-4"/>
      </object_component>
      <object_component id="oc-93">
         <name>.text</name>
         <load_address>0x208</load_address>
         <run_address>0x208</run_address>
         <size>0x1c88</size>
         <input_file_ref idref="fl-d"/>
      </object_component>
      <object_component id="oc-264">
         <name>.text</name>
         <load_address>0x1e90</load_address>
         <run_address>0x1e90</run_address>
         <size>0x1110</size>
         <input_file_ref idref="fl-e0"/>
      </object_component>
      <object_component id="oc-bd">
         <name>.text</name>
         <load_address>0x2fa0</load_address>
         <run_address>0x2fa0</run_address>
         <size>0xf68</size>
         <input_file_ref idref="fl-16"/>
      </object_component>
      <object_component id="oc-3c">
         <name>.text</name>
         <load_address>0x3f08</load_address>
         <run_address>0x3f08</run_address>
         <size>0xe70</size>
         <input_file_ref idref="fl-8"/>
      </object_component>
      <object_component id="oc-ae">
         <name>.text</name>
         <load_address>0x4d78</load_address>
         <run_address>0x4d78</run_address>
         <size>0xe1c</size>
         <input_file_ref idref="fl-c"/>
      </object_component>
      <object_component id="oc-c3">
         <name>.text</name>
         <load_address>0x5b94</load_address>
         <run_address>0x5b94</run_address>
         <size>0xb50</size>
         <input_file_ref idref="fl-14"/>
      </object_component>
      <object_component id="oc-13e">
         <name>.text</name>
         <load_address>0x66e4</load_address>
         <run_address>0x66e4</run_address>
         <size>0x6ac</size>
         <input_file_ref idref="fl-e"/>
      </object_component>
      <object_component id="oc-c9">
         <name>.text</name>
         <load_address>0x6d90</load_address>
         <run_address>0x6d90</run_address>
         <size>0x638</size>
         <input_file_ref idref="fl-17"/>
      </object_component>
      <object_component id="oc-cf">
         <name>.text</name>
         <load_address>0x73c8</load_address>
         <run_address>0x73c8</run_address>
         <size>0x3c0</size>
         <input_file_ref idref="fl-15"/>
      </object_component>
      <object_component id="oc-126">
         <name>.text</name>
         <load_address>0x7788</load_address>
         <run_address>0x7788</run_address>
         <size>0x37c</size>
         <input_file_ref idref="fl-11"/>
      </object_component>
      <object_component id="oc-36">
         <name>.text</name>
         <load_address>0x7b04</load_address>
         <run_address>0x7b04</run_address>
         <size>0x280</size>
         <input_file_ref idref="fl-f"/>
      </object_component>
      <object_component id="oc-2ec">
         <name>.text</name>
         <load_address>0x7d84</load_address>
         <run_address>0x7d84</run_address>
         <size>0x1f4</size>
         <input_file_ref idref="fl-f2"/>
      </object_component>
      <object_component id="oc-315">
         <name>.text</name>
         <load_address>0x7f78</load_address>
         <run_address>0x7f78</run_address>
         <size>0x1b6</size>
         <input_file_ref idref="fl-e6"/>
      </object_component>
      <object_component id="oc-2fb">
         <name>.text</name>
         <load_address>0x812e</load_address>
         <run_address>0x812e</run_address>
         <size>0x136</size>
         <input_file_ref idref="fl-e8"/>
      </object_component>
      <object_component id="oc-12c">
         <name>.text</name>
         <load_address>0x8264</load_address>
         <run_address>0x8264</run_address>
         <size>0x12a</size>
         <input_file_ref idref="fl-b"/>
      </object_component>
      <object_component id="oc-2f6">
         <name>.text</name>
         <load_address>0x838e</load_address>
         <run_address>0x838e</run_address>
         <size>0xfc</size>
         <input_file_ref idref="fl-e9"/>
      </object_component>
      <object_component id="oc-6a">
         <name>.text</name>
         <load_address>0x848a</load_address>
         <run_address>0x848a</run_address>
         <size>0x2</size>
         <input_file_ref idref="fl-d9"/>
      </object_component>
      <object_component id="oc-320">
         <name>.text</name>
         <load_address>0x848c</load_address>
         <run_address>0x848c</run_address>
         <size>0xfc</size>
         <input_file_ref idref="fl-ef"/>
      </object_component>
      <object_component id="oc-207">
         <name>.text</name>
         <load_address>0x8588</load_address>
         <run_address>0x8588</run_address>
         <size>0xec</size>
         <input_file_ref idref="fl-2"/>
      </object_component>
      <object_component id="oc-31">
         <name>.text</name>
         <load_address>0x8674</load_address>
         <run_address>0x8674</run_address>
         <size>0xd2</size>
         <input_file_ref idref="fl-10"/>
      </object_component>
      <object_component id="oc-101">
         <name>.text</name>
         <load_address>0x8746</load_address>
         <run_address>0x8746</run_address>
         <size>0x2</size>
         <input_file_ref idref="fl-f0"/>
      </object_component>
      <object_component id="oc-1fe">
         <name>.text</name>
         <load_address>0x8748</load_address>
         <run_address>0x8748</run_address>
         <size>0xc0</size>
         <input_file_ref idref="fl-6"/>
      </object_component>
      <object_component id="oc-109">
         <name>.text</name>
         <load_address>0x8808</load_address>
         <run_address>0x8808</run_address>
         <size>0xb0</size>
         <input_file_ref idref="fl-3"/>
      </object_component>
      <object_component id="oc-45">
         <name>.text</name>
         <load_address>0x88b8</load_address>
         <run_address>0x88b8</run_address>
         <size>0x9c</size>
         <input_file_ref idref="fl-d7"/>
      </object_component>
      <object_component id="oc-2f1">
         <name>.text:__aeabi_cdcmple</name>
         <load_address>0x8954</load_address>
         <run_address>0x8954</run_address>
         <size>0x86</size>
         <input_file_ref idref="fl-e7"/>
      </object_component>
      <object_component id="oc-300">
         <name>.text:__aeabi_cdrcmple</name>
         <load_address>0x89da</load_address>
         <run_address>0x89da</run_address>
         <size>0x86</size>
         <input_file_ref idref="fl-e7"/>
      </object_component>
      <object_component id="oc-5e">
         <name>.text</name>
         <load_address>0x8a60</load_address>
         <run_address>0x8a60</run_address>
         <size>0x7a</size>
         <input_file_ref idref="fl-d8"/>
      </object_component>
      <object_component id="oc-76">
         <name>.text</name>
         <load_address>0x8adc</load_address>
         <run_address>0x8adc</run_address>
         <size>0x70</size>
         <input_file_ref idref="fl-e3"/>
      </object_component>
      <object_component id="oc-51">
         <name>.text</name>
         <load_address>0x8b4c</load_address>
         <run_address>0x8b4c</run_address>
         <size>0x6a</size>
         <input_file_ref idref="fl-d4"/>
      </object_component>
      <object_component id="oc-31a">
         <name>.text</name>
         <load_address>0x8bb8</load_address>
         <run_address>0x8bb8</run_address>
         <size>0x64</size>
         <input_file_ref idref="fl-ee"/>
      </object_component>
      <object_component id="oc-159">
         <name>.text</name>
         <load_address>0x8c1c</load_address>
         <run_address>0x8c1c</run_address>
         <size>0x60</size>
         <input_file_ref idref="fl-db"/>
      </object_component>
      <object_component id="oc-30a">
         <name>.text</name>
         <load_address>0x8c7c</load_address>
         <run_address>0x8c7c</run_address>
         <size>0x56</size>
         <input_file_ref idref="fl-ec"/>
      </object_component>
      <object_component id="oc-24">
         <name>.text</name>
         <load_address>0x8cd4</load_address>
         <run_address>0x8cd4</run_address>
         <size>0x54</size>
         <input_file_ref idref="fl-d2"/>
      </object_component>
      <object_component id="oc-82">
         <name>.text</name>
         <load_address>0x8d28</load_address>
         <run_address>0x8d28</run_address>
         <size>0x54</size>
         <input_file_ref idref="fl-d6"/>
      </object_component>
      <object_component id="oc-332">
         <name>.text</name>
         <load_address>0x8d7c</load_address>
         <run_address>0x8d7c</run_address>
         <size>0x4c</size>
         <input_file_ref idref="fl-e2"/>
      </object_component>
      <object_component id="oc-fb">
         <name>.text</name>
         <load_address>0x8dc8</load_address>
         <run_address>0x8dc8</run_address>
         <size>0x4c</size>
         <input_file_ref idref="fl-e4"/>
      </object_component>
      <object_component id="oc-305">
         <name>.text</name>
         <load_address>0x8e14</load_address>
         <run_address>0x8e14</run_address>
         <size>0x48</size>
         <input_file_ref idref="fl-ea"/>
      </object_component>
      <object_component id="oc-310">
         <name>.text</name>
         <load_address>0x8e5c</load_address>
         <run_address>0x8e5c</run_address>
         <size>0x2e</size>
         <input_file_ref idref="fl-eb"/>
      </object_component>
      <object_component id="oc-32c">
         <name>.text</name>
         <load_address>0x8e8a</load_address>
         <run_address>0x8e8a</run_address>
         <size>0x1c</size>
         <input_file_ref idref="fl-ed"/>
      </object_component>
      <object_component id="oc-7c">
         <name>.text</name>
         <load_address>0x8ea8</load_address>
         <run_address>0x8ea8</run_address>
         <size>0x18</size>
         <input_file_ref idref="fl-e1"/>
      </object_component>
      <object_component id="oc-326">
         <name>.text</name>
         <load_address>0x8ec0</load_address>
         <run_address>0x8ec0</run_address>
         <size>0x16</size>
         <input_file_ref idref="fl-f1"/>
      </object_component>
      <object_component id="oc-217">
         <name>.text</name>
         <load_address>0x8ed8</load_address>
         <run_address>0x8ed8</run_address>
         <size>0x14</size>
         <input_file_ref idref="fl-df"/>
      </object_component>
      <object_component id="oc-370">
         <name>.text</name>
         <load_address>0x8eec</load_address>
         <run_address>0x8eec</run_address>
         <size>0x14</size>
         <input_file_ref idref="fl-f4"/>
      </object_component>
      <object_component id="oc-14d">
         <name>.text</name>
         <load_address>0x8f00</load_address>
         <run_address>0x8f00</run_address>
         <size>0x14</size>
         <input_file_ref idref="fl-dd"/>
      </object_component>
      <object_component id="oc-153">
         <name>.text</name>
         <load_address>0x8f14</load_address>
         <run_address>0x8f14</run_address>
         <size>0x14</size>
         <input_file_ref idref="fl-de"/>
      </object_component>
      <object_component id="oc-12">
         <name>.text:decompress:none</name>
         <load_address>0x8f28</load_address>
         <run_address>0x8f28</run_address>
         <size>0xe</size>
         <input_file_ref idref="fl-d3"/>
      </object_component>
      <object_component id="oc-1c4">
         <name>.text:CPUcpsid</name>
         <load_address>0x8f36</load_address>
         <run_address>0x8f36</run_address>
         <size>0xc</size>
         <input_file_ref idref="fl-f5"/>
      </object_component>
      <object_component id="oc-1be">
         <name>.text:CPUcpsie</name>
         <load_address>0x8f42</load_address>
         <run_address>0x8f42</run_address>
         <size>0xc</size>
         <input_file_ref idref="fl-f5"/>
      </object_component>
      <object_component id="oc-2b">
         <name>.text</name>
         <load_address>0x8f4e</load_address>
         <run_address>0x8f4e</run_address>
         <size>0xc</size>
         <input_file_ref idref="fl-4"/>
      </object_component>
      <object_component id="oc-1d6">
         <name>.text:CPUbasepriGet</name>
         <load_address>0x8f5a</load_address>
         <run_address>0x8f5a</run_address>
         <size>0xa</size>
         <input_file_ref idref="fl-f5"/>
      </object_component>
      <object_component id="oc-1d0">
         <name>.text:CPUbasepriSet</name>
         <load_address>0x8f64</load_address>
         <run_address>0x8f64</run_address>
         <size>0x6</size>
         <input_file_ref idref="fl-f5"/>
      </object_component>
      <object_component id="oc-1a2">
         <name>.text:SysCtlDelay</name>
         <load_address>0x8f6a</load_address>
         <run_address>0x8f6a</run_address>
         <size>0x6</size>
         <input_file_ref idref="fl-16"/>
      </object_component>
      <object_component id="oc-18">
         <name>.text:decompress:rle24</name>
         <load_address>0x8f70</load_address>
         <run_address>0x8f70</run_address>
         <size>0x6</size>
         <input_file_ref idref="fl-d4"/>
      </object_component>
      <object_component id="oc-193">
         <name>.text:CPUwfi</name>
         <load_address>0x8f76</load_address>
         <run_address>0x8f76</run_address>
         <size>0x4</size>
         <input_file_ref idref="fl-f5"/>
      </object_component>
      <object_component id="oc-70">
         <name>.text</name>
         <load_address>0x8f7a</load_address>
         <run_address>0x8f7a</run_address>
         <size>0x4</size>
         <input_file_ref idref="fl-da"/>
      </object_component>
      <object_component id="oc-19f">
         <name>.const:g_pppui32XTALtoVCO</name>
         <load_address>0x8f80</load_address>
         <run_address>0x8f80</run_address>
         <size>0x1b0</size>
         <input_file_ref idref="fl-16"/>
      </object_component>
      <object_component id="oc-37f">
         <name>.const:.string:_ctypes_</name>
         <load_address>0x9130</load_address>
         <run_address>0x9130</run_address>
         <size>0x101</size>
         <input_file_ref idref="fl-e5"/>
      </object_component>
      <object_component id="oc-1a5">
         <name>.const:g_ppui32GPIOIntMapBlizzard</name>
         <load_address>0x9234</load_address>
         <run_address>0x9234</run_address>
         <size>0xc0</size>
         <input_file_ref idref="fl-14"/>
      </object_component>
      <object_component id="oc-1ab">
         <name>.const:g_ppui32GPIOIntMapSnowflake</name>
         <load_address>0x92f4</load_address>
         <run_address>0x92f4</run_address>
         <size>0xc0</size>
         <input_file_ref idref="fl-14"/>
      </object_component>
      <object_component id="oc-1dc">
         <name>.const:g_pui32Regs</name>
         <load_address>0x93b4</load_address>
         <run_address>0x93b4</run_address>
         <size>0x9c</size>
         <input_file_ref idref="fl-15"/>
      </object_component>
      <object_component id="oc-1ae">
         <name>.const:g_pui32GPIOBaseAddrs</name>
         <load_address>0x9450</load_address>
         <run_address>0x9450</run_address>
         <size>0x90</size>
         <input_file_ref idref="fl-14"/>
      </object_component>
      <object_component id="oc-199">
         <name>.const:g_pui32Xtals</name>
         <load_address>0x94e0</load_address>
         <run_address>0x94e0</run_address>
         <size>0x6c</size>
         <input_file_ref idref="fl-16"/>
      </object_component>
      <object_component id="oc-1b3">
         <name>.const:g_ppui32UARTIntMap</name>
         <load_address>0x954c</load_address>
         <run_address>0x954c</run_address>
         <size>0x40</size>
         <input_file_ref idref="fl-17"/>
      </object_component>
      <object_component id="oc-1b9">
         <name>.const:g_ppui32UARTIntMapSnowflake</name>
         <load_address>0x958c</load_address>
         <run_address>0x958c</run_address>
         <size>0x40</size>
         <input_file_ref idref="fl-17"/>
      </object_component>
      <object_component id="oc-190">
         <name>.const:g_sXTALtoMEMTIM</name>
         <load_address>0x95cc</load_address>
         <run_address>0x95cc</run_address>
         <size>0x30</size>
         <input_file_ref idref="fl-16"/>
      </object_component>
      <object_component id="oc-1cd">
         <name>.const:g_pui32Priority</name>
         <load_address>0x95fc</load_address>
         <run_address>0x95fc</run_address>
         <size>0x20</size>
         <input_file_ref idref="fl-15"/>
      </object_component>
      <object_component id="oc-1e2">
         <name>.const:g_pui32Dii16Regs</name>
         <load_address>0x961c</load_address>
         <run_address>0x961c</run_address>
         <size>0x14</size>
         <input_file_ref idref="fl-15"/>
      </object_component>
      <object_component id="oc-1df">
         <name>.const:g_pui32EnRegs</name>
         <load_address>0x9630</load_address>
         <run_address>0x9630</run_address>
         <size>0x14</size>
         <input_file_ref idref="fl-15"/>
      </object_component>
      <object_component id="oc-1e5">
         <name>.const:g_pui32PendRegs</name>
         <load_address>0x9644</load_address>
         <run_address>0x9644</run_address>
         <size>0x14</size>
         <input_file_ref idref="fl-15"/>
      </object_component>
      <object_component id="oc-1e8">
         <name>.const:g_pui32UnpendRegs</name>
         <load_address>0x9658</load_address>
         <run_address>0x9658</run_address>
         <size>0x14</size>
         <input_file_ref idref="fl-15"/>
      </object_component>
      <object_component id="oc-19c">
         <name>.const:g_pui32VCOFrequencies</name>
         <load_address>0x966c</load_address>
         <run_address>0x966c</run_address>
         <size>0x8</size>
         <input_file_ref idref="fl-16"/>
      </object_component>
      <object_component id="oc-1a8">
         <name>.const</name>
         <load_address>0x9674</load_address>
         <run_address>0x9674</run_address>
         <size>0x8</size>
         <input_file_ref idref="fl-14"/>
      </object_component>
      <object_component id="oc-90">
         <name>.const</name>
         <load_address>0x967c</load_address>
         <run_address>0x967c</run_address>
         <size>0x8</size>
         <input_file_ref idref="fl-f"/>
      </object_component>
      <object_component id="oc-1b6">
         <name>.const</name>
         <load_address>0x9684</load_address>
         <run_address>0x9684</run_address>
         <size>0x8</size>
         <input_file_ref idref="fl-17"/>
      </object_component>
      <object_component id="oc-232">
         <name>.const</name>
         <load_address>0x968c</load_address>
         <run_address>0x968c</run_address>
         <size>0x4</size>
         <input_file_ref idref="fl-11"/>
      </object_component>
      <object_component id="oc-3c1">
         <name>.cinit..data.load</name>
         <load_address>0x9690</load_address>
         <run_address>0x9690</run_address>
         <size>0x24</size>
      </object_component>
      <object_component id="oc-3c2">
         <name>.cinit..bss.load</name>
         <load_address>0x96b8</load_address>
         <run_address>0x96b8</run_address>
         <size>0xb</size>
      </object_component>
      <object_component id="oc-3c0">
         <name>.cinit..vtable.load</name>
         <load_address>0x96c8</load_address>
         <run_address>0x96c8</run_address>
         <size>0xb</size>
      </object_component>
      <object_component id="oc-3be">
         <name>__TI_handler_table</name>
         <load_address>0x96d4</load_address>
         <run_address>0x96d4</run_address>
         <size>0x8</size>
      </object_component>
      <object_component id="oc-3bf">
         <name>__TI_cinit_table</name>
         <load_address>0x96dc</load_address>
         <run_address>0x96dc</run_address>
         <size>0x18</size>
      </object_component>
      <object_component id="oc-1ca">
         <name>.vtable</name>
         <uninitialized>true</uninitialized>
         <run_address>0x20000000</run_address>
         <size>0x26c</size>
         <input_file_ref idref="fl-15"/>
      </object_component>
      <object_component id="oc-2c2">
         <name>.data:drvGetFunc</name>
         <load_address>0x2000cfe8</load_address>
         <run_address>0x2000cfe8</run_address>
         <size>0x4</size>
         <input_file_ref idref="fl-6"/>
      </object_component>
      <object_component id="oc-8d">
         <name>.data</name>
         <load_address>0x2000cf78</load_address>
         <run_address>0x2000cf78</run_address>
         <size>0x34</size>
         <input_file_ref idref="fl-d"/>
      </object_component>
      <object_component id="oc-247">
         <name>.data</name>
         <load_address>0x2000cfd4</load_address>
         <run_address>0x2000cfd4</run_address>
         <size>0xc</size>
         <input_file_ref idref="fl-e"/>
      </object_component>
      <object_component id="oc-9a">
         <name>.data</name>
         <load_address>0x2000cfc8</load_address>
         <run_address>0x2000cfc8</run_address>
         <size>0xc</size>
         <input_file_ref idref="fl-f"/>
      </object_component>
      <object_component id="oc-22f">
         <name>.data</name>
         <load_address>0x2000cfac</load_address>
         <run_address>0x2000cfac</run_address>
         <size>0x10</size>
         <input_file_ref idref="fl-11"/>
      </object_component>
      <object_component id="oc-111">
         <name>.data:$O1$$</name>
         <load_address>0x2000cfbc</load_address>
         <run_address>0x2000cfbc</run_address>
         <size>0xc</size>
         <input_file_ref idref="fl-d6"/>
      </object_component>
      <object_component id="oc-88">
         <name>.data</name>
         <load_address>0x2000cff0</load_address>
         <run_address>0x2000cff0</run_address>
         <size>0x4</size>
         <input_file_ref idref="fl-dc"/>
      </object_component>
      <object_component id="oc-114">
         <name>.data:$O1$$</name>
         <load_address>0x2000cfe0</load_address>
         <run_address>0x2000cfe0</run_address>
         <size>0x8</size>
         <input_file_ref idref="fl-df"/>
      </object_component>
      <object_component id="oc-376">
         <name>.data</name>
         <load_address>0x2000cfec</load_address>
         <run_address>0x2000cfec</run_address>
         <size>0x4</size>
         <input_file_ref idref="fl-f3"/>
      </object_component>
      <object_component id="oc-204">
         <name>.bss</name>
         <uninitialized>true</uninitialized>
         <run_address>0x2000cd50</run_address>
         <size>0x8</size>
         <input_file_ref idref="fl-3"/>
      </object_component>
      <object_component id="oc-2bf">
         <name>.bss:driversLoaded</name>
         <uninitialized>true</uninitialized>
         <run_address>0x2000cb98</run_address>
         <size>0x50</size>
         <input_file_ref idref="fl-6"/>
      </object_component>
      <object_component id="oc-2bc">
         <name>.bss</name>
         <uninitialized>true</uninitialized>
         <run_address>0x2000cd74</run_address>
         <size>0x1</size>
         <input_file_ref idref="fl-6"/>
      </object_component>
      <object_component id="oc-b4">
         <name>.bss:driverUART</name>
         <uninitialized>true</uninitialized>
         <run_address>0x2000cd44</run_address>
         <size>0xc</size>
         <input_file_ref idref="fl-8"/>
      </object_component>
      <object_component id="oc-d6">
         <name>.bss:uartFunc</name>
         <uninitialized>true</uninitialized>
         <run_address>0x2000cd34</run_address>
         <size>0x10</size>
         <input_file_ref idref="fl-8"/>
      </object_component>
      <object_component id="oc-132">
         <name>.bss:pxReadyTasksLists</name>
         <uninitialized>true</uninitialized>
         <run_address>0x2000ca6c</run_address>
         <size>0x12c</size>
         <input_file_ref idref="fl-d"/>
      </object_component>
      <object_component id="oc-147">
         <name>.bss:xDelayedTaskList1</name>
         <uninitialized>true</uninitialized>
         <run_address>0x2000ccd0</run_address>
         <size>0x14</size>
         <input_file_ref idref="fl-d"/>
      </object_component>
      <object_component id="oc-14a">
         <name>.bss:xDelayedTaskList2</name>
         <uninitialized>true</uninitialized>
         <run_address>0x2000cce4</run_address>
         <size>0x14</size>
         <input_file_ref idref="fl-d"/>
      </object_component>
      <object_component id="oc-138">
         <name>.bss</name>
         <uninitialized>true</uninitialized>
         <run_address>0x2000cd58</run_address>
         <size>0x8</size>
         <input_file_ref idref="fl-d"/>
      </object_component>
      <object_component id="oc-144">
         <name>.bss:xPendingReadyList</name>
         <uninitialized>true</uninitialized>
         <run_address>0x2000ccf8</run_address>
         <size>0x14</size>
         <input_file_ref idref="fl-d"/>
      </object_component>
      <object_component id="oc-135">
         <name>.bss:xTasksWaitingTermination</name>
         <uninitialized>true</uninitialized>
         <run_address>0x2000cd20</run_address>
         <size>0x14</size>
         <input_file_ref idref="fl-d"/>
      </object_component>
      <object_component id="oc-13b">
         <name>.bss:xSuspendedTaskList</name>
         <uninitialized>true</uninitialized>
         <run_address>0x2000cd0c</run_address>
         <size>0x14</size>
         <input_file_ref idref="fl-d"/>
      </object_component>
      <object_component id="oc-24d">
         <name>.bss:xActiveTimerList1</name>
         <uninitialized>true</uninitialized>
         <run_address>0x2000cca8</run_address>
         <size>0x14</size>
         <input_file_ref idref="fl-e"/>
      </object_component>
      <object_component id="oc-250">
         <name>.bss:xActiveTimerList2</name>
         <uninitialized>true</uninitialized>
         <run_address>0x2000ccbc</run_address>
         <size>0x14</size>
         <input_file_ref idref="fl-e"/>
      </object_component>
      <object_component id="oc-24a">
         <name>.bss</name>
         <uninitialized>true</uninitialized>
         <run_address>0x2000cd60</run_address>
         <size>0x8</size>
         <input_file_ref idref="fl-e"/>
      </object_component>
      <object_component id="oc-238">
         <name>.bss:ucHeap</name>
         <uninitialized>true</uninitialized>
         <run_address>0x2000026c</run_address>
         <size>0xc800</size>
         <input_file_ref idref="fl-11"/>
      </object_component>
      <object_component id="oc-235">
         <name>.bss:xStart</name>
         <uninitialized>true</uninitialized>
         <run_address>0x2000cd68</run_address>
         <size>0x8</size>
         <input_file_ref idref="fl-11"/>
      </object_component>
      <object_component id="oc-d5">
         <name>.common:g_ui32SysClock</name>
         <uninitialized>true</uninitialized>
         <run_address>0x2000cd70</run_address>
         <size>0x4</size>
      </object_component>
      <object_component id="oc-bc">
         <name>.common:buffUART</name>
         <uninitialized>true</uninitialized>
         <run_address>0x2000cc28</run_address>
         <size>0x20</size>
      </object_component>
      <object_component id="oc-b7">
         <name>.common:semUART</name>
         <uninitialized>true</uninitialized>
         <run_address>0x2000cc88</run_address>
         <size>0x20</size>
      </object_component>
      <object_component id="oc-ba">
         <name>.common:mutexTx</name>
         <uninitialized>true</uninitialized>
         <run_address>0x2000cc68</run_address>
         <size>0x20</size>
      </object_component>
      <object_component id="oc-bb">
         <name>.common:mutexRx</name>
         <uninitialized>true</uninitialized>
         <run_address>0x2000cc48</run_address>
         <size>0x20</size>
      </object_component>
      <object_component id="oc-174">
         <name>.common:xQueueRegistry</name>
         <uninitialized>true</uninitialized>
         <run_address>0x2000cbe8</run_address>
         <size>0x40</size>
      </object_component>
      <object_component id="oc-2a">
         <name>.stack</name>
         <uninitialized>true</uninitialized>
         <run_address>0x2000cd78</run_address>
         <size>0x0</size>
         <input_file_ref idref="fl-d2"/>
      </object_component>
      <object_component id="oc-3c3">
         <name>.stack</name>
         <uninitialized>true</uninitialized>
         <run_address>0x2000cd78</run_address>
         <size>0x0</size>
      </object_component>
      <object_component id="oc-173">
         <name>.debug_info</name>
         <load_address>0x0</load_address>
         <run_address>0x0</run_address>
         <size>0x2ec</size>
         <input_file_ref idref="fl-2"/>
      </object_component>
      <object_component id="oc-208">
         <name>.debug_info</name>
         <load_address>0x2ec</load_address>
         <run_address>0x2ec</run_address>
         <size>0x319</size>
         <input_file_ref idref="fl-2"/>
      </object_component>
      <object_component id="oc-11f">
         <name>.debug_info</name>
         <load_address>0x605</load_address>
         <run_address>0x605</run_address>
         <size>0x30c</size>
         <input_file_ref idref="fl-2"/>
      </object_component>
      <object_component id="oc-186">
         <name>.debug_info</name>
         <load_address>0x911</load_address>
         <run_address>0x911</run_address>
         <size>0x163</size>
         <input_file_ref idref="fl-2"/>
      </object_component>
      <object_component id="oc-274">
         <name>.debug_info</name>
         <load_address>0xa74</load_address>
         <run_address>0xa74</run_address>
         <size>0xc8</size>
         <input_file_ref idref="fl-2"/>
      </object_component>
      <object_component id="oc-17f">
         <name>.debug_info</name>
         <load_address>0xb3c</load_address>
         <run_address>0xb3c</run_address>
         <size>0x8c</size>
         <input_file_ref idref="fl-2"/>
      </object_component>
      <object_component id="oc-16e">
         <name>.debug_info</name>
         <load_address>0xbc8</load_address>
         <run_address>0xbc8</run_address>
         <size>0x3cd</size>
         <input_file_ref idref="fl-2"/>
      </object_component>
      <object_component id="oc-e9">
         <name>.debug_info</name>
         <load_address>0xf95</load_address>
         <run_address>0xf95</run_address>
         <size>0x84</size>
         <input_file_ref idref="fl-2"/>
      </object_component>
      <object_component id="oc-178">
         <name>.debug_info</name>
         <load_address>0x1019</load_address>
         <run_address>0x1019</run_address>
         <size>0x46</size>
         <input_file_ref idref="fl-2"/>
      </object_component>
      <object_component id="oc-18b">
         <name>.debug_info</name>
         <load_address>0x105f</load_address>
         <run_address>0x105f</run_address>
         <size>0x2c</size>
         <input_file_ref idref="fl-2"/>
      </object_component>
      <object_component id="oc-9f">
         <name>.debug_info</name>
         <load_address>0x108b</load_address>
         <run_address>0x108b</run_address>
         <size>0x2c</size>
         <input_file_ref idref="fl-2"/>
      </object_component>
      <object_component id="oc-a9">
         <name>.debug_info</name>
         <load_address>0x10b7</load_address>
         <run_address>0x10b7</run_address>
         <size>0x18b</size>
         <input_file_ref idref="fl-2"/>
      </object_component>
      <object_component id="oc-a4">
         <name>.debug_info</name>
         <load_address>0x1242</load_address>
         <run_address>0x1242</run_address>
         <size>0x53</size>
         <input_file_ref idref="fl-2"/>
      </object_component>
      <object_component id="oc-26c">
         <name>.debug_info</name>
         <load_address>0x1295</load_address>
         <run_address>0x1295</run_address>
         <size>0x4e</size>
         <input_file_ref idref="fl-2"/>
      </object_component>
      <object_component id="oc-169">
         <name>.debug_info</name>
         <load_address>0x12e3</load_address>
         <run_address>0x12e3</run_address>
         <size>0x14c</size>
         <input_file_ref idref="fl-2"/>
      </object_component>
      <object_component id="oc-205">
         <name>.debug_info</name>
         <load_address>0x142f</load_address>
         <run_address>0x142f</run_address>
         <size>0xec</size>
         <input_file_ref idref="fl-3"/>
      </object_component>
      <object_component id="oc-10a">
         <name>.debug_info</name>
         <load_address>0x151b</load_address>
         <run_address>0x151b</run_address>
         <size>0x1d5</size>
         <input_file_ref idref="fl-3"/>
      </object_component>
      <object_component id="oc-da">
         <name>.debug_info</name>
         <load_address>0x16f0</load_address>
         <run_address>0x16f0</run_address>
         <size>0x8b</size>
         <input_file_ref idref="fl-3"/>
      </object_component>
      <object_component id="oc-44">
         <name>.debug_info</name>
         <load_address>0x177b</load_address>
         <run_address>0x177b</run_address>
         <size>0x2cf</size>
         <input_file_ref idref="fl-4"/>
      </object_component>
      <object_component id="oc-10">
         <name>.debug_info</name>
         <load_address>0x1a4a</load_address>
         <run_address>0x1a4a</run_address>
         <size>0xfa</size>
         <input_file_ref idref="fl-4"/>
      </object_component>
      <object_component id="oc-2c">
         <name>.debug_info</name>
         <load_address>0x1b44</load_address>
         <run_address>0x1b44</run_address>
         <size>0x27b</size>
         <input_file_ref idref="fl-4"/>
      </object_component>
      <object_component id="oc-2c6">
         <name>.debug_info</name>
         <load_address>0x1dbf</load_address>
         <run_address>0x1dbf</run_address>
         <size>0x227</size>
         <input_file_ref idref="fl-6"/>
      </object_component>
      <object_component id="oc-2c3">
         <name>.debug_info</name>
         <load_address>0x1fe6</load_address>
         <run_address>0x1fe6</run_address>
         <size>0xed</size>
         <input_file_ref idref="fl-6"/>
      </object_component>
      <object_component id="oc-2c0">
         <name>.debug_info</name>
         <load_address>0x20d3</load_address>
         <run_address>0x20d3</run_address>
         <size>0xf3</size>
         <input_file_ref idref="fl-6"/>
      </object_component>
      <object_component id="oc-2bd">
         <name>.debug_info</name>
         <load_address>0x21c6</load_address>
         <run_address>0x21c6</run_address>
         <size>0xf1</size>
         <input_file_ref idref="fl-6"/>
      </object_component>
      <object_component id="oc-1ff">
         <name>.debug_info</name>
         <load_address>0x22b7</load_address>
         <run_address>0x22b7</run_address>
         <size>0x303</size>
         <input_file_ref idref="fl-6"/>
      </object_component>
      <object_component id="oc-b8">
         <name>.debug_info</name>
         <load_address>0x25ba</load_address>
         <run_address>0x25ba</run_address>
         <size>0x6f5</size>
         <input_file_ref idref="fl-8"/>
      </object_component>
      <object_component id="oc-b5">
         <name>.debug_info</name>
         <load_address>0x2caf</load_address>
         <run_address>0x2caf</run_address>
         <size>0xeb</size>
         <input_file_ref idref="fl-8"/>
      </object_component>
      <object_component id="oc-d7">
         <name>.debug_info</name>
         <load_address>0x2d9a</load_address>
         <run_address>0x2d9a</run_address>
         <size>0xe7</size>
         <input_file_ref idref="fl-8"/>
      </object_component>
      <object_component id="oc-3d">
         <name>.debug_info</name>
         <load_address>0x2e81</load_address>
         <run_address>0x2e81</run_address>
         <size>0x1bc7</size>
         <input_file_ref idref="fl-8"/>
      </object_component>
      <object_component id="oc-271">
         <name>.debug_info</name>
         <load_address>0x4a48</load_address>
         <run_address>0x4a48</run_address>
         <size>0x4da</size>
         <input_file_ref idref="fl-a"/>
      </object_component>
      <object_component id="oc-160">
         <name>.debug_info</name>
         <load_address>0x4f22</load_address>
         <run_address>0x4f22</run_address>
         <size>0x110</size>
         <input_file_ref idref="fl-a"/>
      </object_component>
      <object_component id="oc-34d">
         <name>.debug_info</name>
         <load_address>0x5032</load_address>
         <run_address>0x5032</run_address>
         <size>0x39</size>
         <input_file_ref idref="fl-a"/>
      </object_component>
      <object_component id="oc-225">
         <name>.debug_info</name>
         <load_address>0x506b</load_address>
         <run_address>0x506b</run_address>
         <size>0x46</size>
         <input_file_ref idref="fl-a"/>
      </object_component>
      <object_component id="oc-352">
         <name>.debug_info</name>
         <load_address>0x50b1</load_address>
         <run_address>0x50b1</run_address>
         <size>0x76</size>
         <input_file_ref idref="fl-a"/>
      </object_component>
      <object_component id="oc-23e">
         <name>.debug_info</name>
         <load_address>0x5127</load_address>
         <run_address>0x5127</run_address>
         <size>0x1b0</size>
         <input_file_ref idref="fl-b"/>
      </object_component>
      <object_component id="oc-12d">
         <name>.debug_info</name>
         <load_address>0x52d7</load_address>
         <run_address>0x52d7</run_address>
         <size>0x4b5</size>
         <input_file_ref idref="fl-b"/>
      </object_component>
      <object_component id="oc-175">
         <name>.debug_info</name>
         <load_address>0x578c</load_address>
         <run_address>0x578c</run_address>
         <size>0x745</size>
         <input_file_ref idref="fl-c"/>
      </object_component>
      <object_component id="oc-af">
         <name>.debug_info</name>
         <load_address>0x5ed1</load_address>
         <run_address>0x5ed1</run_address>
         <size>0x2e00</size>
         <input_file_ref idref="fl-c"/>
      </object_component>
      <object_component id="oc-27b">
         <name>.debug_info</name>
         <load_address>0x8cd1</load_address>
         <run_address>0x8cd1</run_address>
         <size>0x1cd</size>
         <input_file_ref idref="fl-c"/>
      </object_component>
      <object_component id="oc-11e">
         <name>.debug_info</name>
         <load_address>0x8e9e</load_address>
         <run_address>0x8e9e</run_address>
         <size>0x70b</size>
         <input_file_ref idref="fl-d"/>
      </object_component>
      <object_component id="oc-8e">
         <name>.debug_info</name>
         <load_address>0x95a9</load_address>
         <run_address>0x95a9</run_address>
         <size>0x352</size>
         <input_file_ref idref="fl-d"/>
      </object_component>
      <object_component id="oc-133">
         <name>.debug_info</name>
         <load_address>0x98fb</load_address>
         <run_address>0x98fb</run_address>
         <size>0xf9</size>
         <input_file_ref idref="fl-d"/>
      </object_component>
      <object_component id="oc-148">
         <name>.debug_info</name>
         <load_address>0x99f4</load_address>
         <run_address>0x99f4</run_address>
         <size>0xf9</size>
         <input_file_ref idref="fl-d"/>
      </object_component>
      <object_component id="oc-14b">
         <name>.debug_info</name>
         <load_address>0x9aed</load_address>
         <run_address>0x9aed</run_address>
         <size>0xf9</size>
         <input_file_ref idref="fl-d"/>
      </object_component>
      <object_component id="oc-139">
         <name>.debug_info</name>
         <load_address>0x9be6</load_address>
         <run_address>0x9be6</run_address>
         <size>0x13c</size>
         <input_file_ref idref="fl-d"/>
      </object_component>
      <object_component id="oc-145">
         <name>.debug_info</name>
         <load_address>0x9d22</load_address>
         <run_address>0x9d22</run_address>
         <size>0xf9</size>
         <input_file_ref idref="fl-d"/>
      </object_component>
      <object_component id="oc-136">
         <name>.debug_info</name>
         <load_address>0x9e1b</load_address>
         <run_address>0x9e1b</run_address>
         <size>0x107</size>
         <input_file_ref idref="fl-d"/>
      </object_component>
      <object_component id="oc-13c">
         <name>.debug_info</name>
         <load_address>0x9f22</load_address>
         <run_address>0x9f22</run_address>
         <size>0xfb</size>
         <input_file_ref idref="fl-d"/>
      </object_component>
      <object_component id="oc-94">
         <name>.debug_info</name>
         <load_address>0xa01d</load_address>
         <run_address>0xa01d</run_address>
         <size>0x495d</size>
         <input_file_ref idref="fl-d"/>
      </object_component>
      <object_component id="oc-22a">
         <name>.debug_info</name>
         <load_address>0xe97a</load_address>
         <run_address>0xe97a</run_address>
         <size>0x146</size>
         <input_file_ref idref="fl-d"/>
      </object_component>
      <object_component id="oc-254">
         <name>.debug_info</name>
         <load_address>0xeac0</load_address>
         <run_address>0xeac0</run_address>
         <size>0x6d1</size>
         <input_file_ref idref="fl-e"/>
      </object_component>
      <object_component id="oc-24e">
         <name>.debug_info</name>
         <load_address>0xf191</load_address>
         <run_address>0xf191</run_address>
         <size>0xf9</size>
         <input_file_ref idref="fl-e"/>
      </object_component>
      <object_component id="oc-251">
         <name>.debug_info</name>
         <load_address>0xf28a</load_address>
         <run_address>0xf28a</run_address>
         <size>0xf9</size>
         <input_file_ref idref="fl-e"/>
      </object_component>
      <object_component id="oc-24b">
         <name>.debug_info</name>
         <load_address>0xf383</load_address>
         <run_address>0xf383</run_address>
         <size>0x131</size>
         <input_file_ref idref="fl-e"/>
      </object_component>
      <object_component id="oc-248">
         <name>.debug_info</name>
         <load_address>0xf4b4</load_address>
         <run_address>0xf4b4</run_address>
         <size>0x11d</size>
         <input_file_ref idref="fl-e"/>
      </object_component>
      <object_component id="oc-13f">
         <name>.debug_info</name>
         <load_address>0xf5d1</load_address>
         <run_address>0xf5d1</run_address>
         <size>0x1af8</size>
         <input_file_ref idref="fl-e"/>
      </object_component>
      <object_component id="oc-255">
         <name>.debug_info</name>
         <load_address>0x110c9</load_address>
         <run_address>0x110c9</run_address>
         <size>0x1ce</size>
         <input_file_ref idref="fl-e"/>
      </object_component>
      <object_component id="oc-9e">
         <name>.debug_info</name>
         <load_address>0x11297</load_address>
         <run_address>0x11297</run_address>
         <size>0x2d7</size>
         <input_file_ref idref="fl-f"/>
      </object_component>
      <object_component id="oc-91">
         <name>.debug_info</name>
         <load_address>0x1156e</load_address>
         <run_address>0x1156e</run_address>
         <size>0x16e</size>
         <input_file_ref idref="fl-f"/>
      </object_component>
      <object_component id="oc-9b">
         <name>.debug_info</name>
         <load_address>0x116dc</load_address>
         <run_address>0x116dc</run_address>
         <size>0x179</size>
         <input_file_ref idref="fl-f"/>
      </object_component>
      <object_component id="oc-37">
         <name>.debug_info</name>
         <load_address>0x11855</load_address>
         <run_address>0x11855</run_address>
         <size>0x88a</size>
         <input_file_ref idref="fl-f"/>
      </object_component>
      <object_component id="oc-32">
         <name>.debug_info</name>
         <load_address>0x120df</load_address>
         <run_address>0x120df</run_address>
         <size>0x25e</size>
         <input_file_ref idref="fl-10"/>
      </object_component>
      <object_component id="oc-23c">
         <name>.debug_info</name>
         <load_address>0x1233d</load_address>
         <run_address>0x1233d</run_address>
         <size>0x29a</size>
         <input_file_ref idref="fl-11"/>
      </object_component>
      <object_component id="oc-239">
         <name>.debug_info</name>
         <load_address>0x125d7</load_address>
         <run_address>0x125d7</run_address>
         <size>0xf4</size>
         <input_file_ref idref="fl-11"/>
      </object_component>
      <object_component id="oc-233">
         <name>.debug_info</name>
         <load_address>0x126cb</load_address>
         <run_address>0x126cb</run_address>
         <size>0x106</size>
         <input_file_ref idref="fl-11"/>
      </object_component>
      <object_component id="oc-236">
         <name>.debug_info</name>
         <load_address>0x127d1</load_address>
         <run_address>0x127d1</run_address>
         <size>0xf4</size>
         <input_file_ref idref="fl-11"/>
      </object_component>
      <object_component id="oc-230">
         <name>.debug_info</name>
         <load_address>0x128c5</load_address>
         <run_address>0x128c5</run_address>
         <size>0x1a8</size>
         <input_file_ref idref="fl-11"/>
      </object_component>
      <object_component id="oc-127">
         <name>.debug_info</name>
         <load_address>0x12a6d</load_address>
         <run_address>0x12a6d</run_address>
         <size>0x7a7</size>
         <input_file_ref idref="fl-11"/>
      </object_component>
      <object_component id="oc-2d3">
         <name>.debug_info</name>
         <load_address>0x13214</load_address>
         <run_address>0x13214</run_address>
         <size>0x62</size>
         <input_file_ref idref="fl-11"/>
      </object_component>
      <object_component id="oc-1b2">
         <name>.debug_info</name>
         <load_address>0x13276</load_address>
         <run_address>0x13276</run_address>
         <size>0x1b3</size>
         <input_file_ref idref="fl-14"/>
      </object_component>
      <object_component id="oc-1a6">
         <name>.debug_info</name>
         <load_address>0x13429</load_address>
         <run_address>0x13429</run_address>
         <size>0x10a</size>
         <input_file_ref idref="fl-14"/>
      </object_component>
      <object_component id="oc-1a9">
         <name>.debug_info</name>
         <load_address>0x13533</load_address>
         <run_address>0x13533</run_address>
         <size>0x158</size>
         <input_file_ref idref="fl-14"/>
      </object_component>
      <object_component id="oc-1ac">
         <name>.debug_info</name>
         <load_address>0x1368b</load_address>
         <run_address>0x1368b</run_address>
         <size>0x10c</size>
         <input_file_ref idref="fl-14"/>
      </object_component>
      <object_component id="oc-1af">
         <name>.debug_info</name>
         <load_address>0x13797</load_address>
         <run_address>0x13797</run_address>
         <size>0xfe</size>
         <input_file_ref idref="fl-14"/>
      </object_component>
      <object_component id="oc-c4">
         <name>.debug_info</name>
         <load_address>0x13895</load_address>
         <run_address>0x13895</run_address>
         <size>0x2e9a</size>
         <input_file_ref idref="fl-14"/>
      </object_component>
      <object_component id="oc-1ec">
         <name>.debug_info</name>
         <load_address>0x1672f</load_address>
         <run_address>0x1672f</run_address>
         <size>0x19b</size>
         <input_file_ref idref="fl-15"/>
      </object_component>
      <object_component id="oc-1ce">
         <name>.debug_info</name>
         <load_address>0x168ca</load_address>
         <run_address>0x168ca</run_address>
         <size>0xf9</size>
         <input_file_ref idref="fl-15"/>
      </object_component>
      <object_component id="oc-1dd">
         <name>.debug_info</name>
         <load_address>0x169c3</load_address>
         <run_address>0x169c3</run_address>
         <size>0xf1</size>
         <input_file_ref idref="fl-15"/>
      </object_component>
      <object_component id="oc-1e0">
         <name>.debug_info</name>
         <load_address>0x16ab4</load_address>
         <run_address>0x16ab4</run_address>
         <size>0xf5</size>
         <input_file_ref idref="fl-15"/>
      </object_component>
      <object_component id="oc-1e3">
         <name>.debug_info</name>
         <load_address>0x16ba9</load_address>
         <run_address>0x16ba9</run_address>
         <size>0xfb</size>
         <input_file_ref idref="fl-15"/>
      </object_component>
      <object_component id="oc-1e6">
         <name>.debug_info</name>
         <load_address>0x16ca4</load_address>
         <run_address>0x16ca4</run_address>
         <size>0xf9</size>
         <input_file_ref idref="fl-15"/>
      </object_component>
      <object_component id="oc-1e9">
         <name>.debug_info</name>
         <load_address>0x16d9d</load_address>
         <run_address>0x16d9d</run_address>
         <size>0xfd</size>
         <input_file_ref idref="fl-15"/>
      </object_component>
      <object_component id="oc-1cb">
         <name>.debug_info</name>
         <load_address>0x16e9a</load_address>
         <run_address>0x16e9a</run_address>
         <size>0xfa</size>
         <input_file_ref idref="fl-15"/>
      </object_component>
      <object_component id="oc-d0">
         <name>.debug_info</name>
         <load_address>0x16f94</load_address>
         <run_address>0x16f94</run_address>
         <size>0xcfa</size>
         <input_file_ref idref="fl-15"/>
      </object_component>
      <object_component id="oc-1a4">
         <name>.debug_info</name>
         <load_address>0x17c8e</load_address>
         <run_address>0x17c8e</run_address>
         <size>0x220</size>
         <input_file_ref idref="fl-16"/>
      </object_component>
      <object_component id="oc-19a">
         <name>.debug_info</name>
         <load_address>0x17eae</load_address>
         <run_address>0x17eae</run_address>
         <size>0xf0</size>
         <input_file_ref idref="fl-16"/>
      </object_component>
      <object_component id="oc-1a0">
         <name>.debug_info</name>
         <load_address>0x17f9e</load_address>
         <run_address>0x17f9e</run_address>
         <size>0xfc</size>
         <input_file_ref idref="fl-16"/>
      </object_component>
      <object_component id="oc-191">
         <name>.debug_info</name>
         <load_address>0x1809a</load_address>
         <run_address>0x1809a</run_address>
         <size>0xf6</size>
         <input_file_ref idref="fl-16"/>
      </object_component>
      <object_component id="oc-19d">
         <name>.debug_info</name>
         <load_address>0x18190</load_address>
         <run_address>0x18190</run_address>
         <size>0x103</size>
         <input_file_ref idref="fl-16"/>
      </object_component>
      <object_component id="oc-be">
         <name>.debug_info</name>
         <load_address>0x18293</load_address>
         <run_address>0x18293</run_address>
         <size>0x2b24</size>
         <input_file_ref idref="fl-16"/>
      </object_component>
      <object_component id="oc-28b">
         <name>.debug_info</name>
         <load_address>0x1adb7</load_address>
         <run_address>0x1adb7</run_address>
         <size>0x51</size>
         <input_file_ref idref="fl-16"/>
      </object_component>
      <object_component id="oc-1bd">
         <name>.debug_info</name>
         <load_address>0x1ae08</load_address>
         <run_address>0x1ae08</run_address>
         <size>0x1a5</size>
         <input_file_ref idref="fl-17"/>
      </object_component>
      <object_component id="oc-1b4">
         <name>.debug_info</name>
         <load_address>0x1afad</load_address>
         <run_address>0x1afad</run_address>
         <size>0xfa</size>
         <input_file_ref idref="fl-17"/>
      </object_component>
      <object_component id="oc-1b7">
         <name>.debug_info</name>
         <load_address>0x1b0a7</load_address>
         <run_address>0x1b0a7</run_address>
         <size>0x144</size>
         <input_file_ref idref="fl-17"/>
      </object_component>
      <object_component id="oc-1ba">
         <name>.debug_info</name>
         <load_address>0x1b1eb</load_address>
         <run_address>0x1b1eb</run_address>
         <size>0x10c</size>
         <input_file_ref idref="fl-17"/>
      </object_component>
      <object_component id="oc-ca">
         <name>.debug_info</name>
         <load_address>0x1b2f7</load_address>
         <run_address>0x1b2f7</run_address>
         <size>0x270c</size>
         <input_file_ref idref="fl-17"/>
      </object_component>
      <object_component id="oc-25">
         <name>.debug_info</name>
         <load_address>0x1da03</load_address>
         <run_address>0x1da03</run_address>
         <size>0x17c</size>
         <input_file_ref idref="fl-d2"/>
      </object_component>
      <object_component id="oc-50">
         <name>.debug_info</name>
         <load_address>0x1db7f</load_address>
         <run_address>0x1db7f</run_address>
         <size>0x15c</size>
         <input_file_ref idref="fl-d3"/>
      </object_component>
      <object_component id="oc-13">
         <name>.debug_info</name>
         <load_address>0x1dcdb</load_address>
         <run_address>0x1dcdb</run_address>
         <size>0x1fb</size>
         <input_file_ref idref="fl-d3"/>
      </object_component>
      <object_component id="oc-4b">
         <name>.debug_info</name>
         <load_address>0x1ded6</load_address>
         <run_address>0x1ded6</run_address>
         <size>0x46</size>
         <input_file_ref idref="fl-d3"/>
      </object_component>
      <object_component id="oc-e2">
         <name>.debug_info</name>
         <load_address>0x1df1c</load_address>
         <run_address>0x1df1c</run_address>
         <size>0x2c</size>
         <input_file_ref idref="fl-d3"/>
      </object_component>
      <object_component id="oc-58">
         <name>.debug_info</name>
         <load_address>0x1df48</load_address>
         <run_address>0x1df48</run_address>
         <size>0x150</size>
         <input_file_ref idref="fl-d4"/>
      </object_component>
      <object_component id="oc-52">
         <name>.debug_info</name>
         <load_address>0x1e098</load_address>
         <run_address>0x1e098</run_address>
         <size>0x263</size>
         <input_file_ref idref="fl-d4"/>
      </object_component>
      <object_component id="oc-19">
         <name>.debug_info</name>
         <load_address>0x1e2fb</load_address>
         <run_address>0x1e2fb</run_address>
         <size>0x1cd</size>
         <input_file_ref idref="fl-d4"/>
      </object_component>
      <object_component id="oc-59">
         <name>.debug_info</name>
         <load_address>0x1e4c8</load_address>
         <run_address>0x1e4c8</run_address>
         <size>0x39</size>
         <input_file_ref idref="fl-d4"/>
      </object_component>
      <object_component id="oc-f1">
         <name>.debug_info</name>
         <load_address>0x1e501</load_address>
         <run_address>0x1e501</run_address>
         <size>0x2c</size>
         <input_file_ref idref="fl-d4"/>
      </object_component>
      <object_component id="oc-118">
         <name>.debug_info</name>
         <load_address>0x1e52d</load_address>
         <run_address>0x1e52d</run_address>
         <size>0x250</size>
         <input_file_ref idref="fl-d6"/>
      </object_component>
      <object_component id="oc-112">
         <name>.debug_info</name>
         <load_address>0x1e77d</load_address>
         <run_address>0x1e77d</run_address>
         <size>0x1a1</size>
         <input_file_ref idref="fl-d6"/>
      </object_component>
      <object_component id="oc-83">
         <name>.debug_info</name>
         <load_address>0x1e91e</load_address>
         <run_address>0x1e91e</run_address>
         <size>0x230</size>
         <input_file_ref idref="fl-d6"/>
      </object_component>
      <object_component id="oc-46">
         <name>.debug_info</name>
         <load_address>0x1eb4e</load_address>
         <run_address>0x1eb4e</run_address>
         <size>0x12d</size>
         <input_file_ref idref="fl-d7"/>
      </object_component>
      <object_component id="oc-5f">
         <name>.debug_info</name>
         <load_address>0x1ec7b</load_address>
         <run_address>0x1ec7b</run_address>
         <size>0x15b</size>
         <input_file_ref idref="fl-d8"/>
      </object_component>
      <object_component id="oc-6b">
         <name>.debug_info</name>
         <load_address>0x1edd6</load_address>
         <run_address>0x1edd6</run_address>
         <size>0x154</size>
         <input_file_ref idref="fl-d9"/>
      </object_component>
      <object_component id="oc-71">
         <name>.debug_info</name>
         <load_address>0x1ef2a</load_address>
         <run_address>0x1ef2a</run_address>
         <size>0x164</size>
         <input_file_ref idref="fl-da"/>
      </object_component>
      <object_component id="oc-26b">
         <name>.debug_info</name>
         <load_address>0x1f08e</load_address>
         <run_address>0x1f08e</run_address>
         <size>0x1d7</size>
         <input_file_ref idref="fl-db"/>
      </object_component>
      <object_component id="oc-15a">
         <name>.debug_info</name>
         <load_address>0x1f265</load_address>
         <run_address>0x1f265</run_address>
         <size>0x300</size>
         <input_file_ref idref="fl-db"/>
      </object_component>
      <object_component id="oc-33f">
         <name>.debug_info</name>
         <load_address>0x1f565</load_address>
         <run_address>0x1f565</run_address>
         <size>0x2c</size>
         <input_file_ref idref="fl-db"/>
      </object_component>
      <object_component id="oc-89">
         <name>.debug_info</name>
         <load_address>0x1f591</load_address>
         <run_address>0x1f591</run_address>
         <size>0x125</size>
         <input_file_ref idref="fl-dc"/>
      </object_component>
      <object_component id="oc-261">
         <name>.debug_info</name>
         <load_address>0x1f6b6</load_address>
         <run_address>0x1f6b6</run_address>
         <size>0x10c</size>
         <input_file_ref idref="fl-dd"/>
      </object_component>
      <object_component id="oc-14e">
         <name>.debug_info</name>
         <load_address>0x1f7c2</load_address>
         <run_address>0x1f7c2</run_address>
         <size>0x283</size>
         <input_file_ref idref="fl-dd"/>
      </object_component>
      <object_component id="oc-263">
         <name>.debug_info</name>
         <load_address>0x1fa45</load_address>
         <run_address>0x1fa45</run_address>
         <size>0x106</size>
         <input_file_ref idref="fl-de"/>
      </object_component>
      <object_component id="oc-154">
         <name>.debug_info</name>
         <load_address>0x1fb4b</load_address>
         <run_address>0x1fb4b</run_address>
         <size>0x27c</size>
         <input_file_ref idref="fl-de"/>
      </object_component>
      <object_component id="oc-21f">
         <name>.debug_info</name>
         <load_address>0x1fdc7</load_address>
         <run_address>0x1fdc7</run_address>
         <size>0x140</size>
         <input_file_ref idref="fl-df"/>
      </object_component>
      <object_component id="oc-115">
         <name>.debug_info</name>
         <load_address>0x1ff07</load_address>
         <run_address>0x1ff07</run_address>
         <size>0x12f</size>
         <input_file_ref idref="fl-df"/>
      </object_component>
      <object_component id="oc-218">
         <name>.debug_info</name>
         <load_address>0x20036</load_address>
         <run_address>0x20036</run_address>
         <size>0x23b</size>
         <input_file_ref idref="fl-df"/>
      </object_component>
      <object_component id="oc-339">
         <name>.debug_info</name>
         <load_address>0x20271</load_address>
         <run_address>0x20271</run_address>
         <size>0x3ac</size>
         <input_file_ref idref="fl-e0"/>
      </object_component>
      <object_component id="oc-265">
         <name>.debug_info</name>
         <load_address>0x2061d</load_address>
         <run_address>0x2061d</run_address>
         <size>0x180c</size>
         <input_file_ref idref="fl-e0"/>
      </object_component>
      <object_component id="oc-33a">
         <name>.debug_info</name>
         <load_address>0x21e29</load_address>
         <run_address>0x21e29</run_address>
         <size>0x86</size>
         <input_file_ref idref="fl-e0"/>
      </object_component>
      <object_component id="oc-386">
         <name>.debug_info</name>
         <load_address>0x21eaf</load_address>
         <run_address>0x21eaf</run_address>
         <size>0x46</size>
         <input_file_ref idref="fl-e0"/>
      </object_component>
      <object_component id="oc-344">
         <name>.debug_info</name>
         <load_address>0x21ef5</load_address>
         <run_address>0x21ef5</run_address>
         <size>0x39</size>
         <input_file_ref idref="fl-e0"/>
      </object_component>
      <object_component id="oc-110">
         <name>.debug_info</name>
         <load_address>0x21f2e</load_address>
         <run_address>0x21f2e</run_address>
         <size>0x182</size>
         <input_file_ref idref="fl-e1"/>
      </object_component>
      <object_component id="oc-7d">
         <name>.debug_info</name>
         <load_address>0x220b0</load_address>
         <run_address>0x220b0</run_address>
         <size>0x183</size>
         <input_file_ref idref="fl-e1"/>
      </object_component>
      <object_component id="oc-210">
         <name>.debug_info</name>
         <load_address>0x22233</load_address>
         <run_address>0x22233</run_address>
         <size>0x5e</size>
         <input_file_ref idref="fl-e1"/>
      </object_component>
      <object_component id="oc-383">
         <name>.debug_info</name>
         <load_address>0x22291</load_address>
         <run_address>0x22291</run_address>
         <size>0x130</size>
         <input_file_ref idref="fl-e2"/>
      </object_component>
      <object_component id="oc-333">
         <name>.debug_info</name>
         <load_address>0x223c1</load_address>
         <run_address>0x223c1</run_address>
         <size>0x18d</size>
         <input_file_ref idref="fl-e2"/>
      </object_component>
      <object_component id="oc-108">
         <name>.debug_info</name>
         <load_address>0x2254e</load_address>
         <run_address>0x2254e</run_address>
         <size>0x305</size>
         <input_file_ref idref="fl-e3"/>
      </object_component>
      <object_component id="oc-77">
         <name>.debug_info</name>
         <load_address>0x22853</load_address>
         <run_address>0x22853</run_address>
         <size>0x1ac</size>
         <input_file_ref idref="fl-e3"/>
      </object_component>
      <object_component id="oc-1f4">
         <name>.debug_info</name>
         <load_address>0x229ff</load_address>
         <run_address>0x229ff</run_address>
         <size>0x39</size>
         <input_file_ref idref="fl-e3"/>
      </object_component>
      <object_component id="oc-1f9">
         <name>.debug_info</name>
         <load_address>0x22a38</load_address>
         <run_address>0x22a38</run_address>
         <size>0xcd</size>
         <input_file_ref idref="fl-e3"/>
      </object_component>
      <object_component id="oc-1f0">
         <name>.debug_info</name>
         <load_address>0x22b05</load_address>
         <run_address>0x22b05</run_address>
         <size>0x1fc</size>
         <input_file_ref idref="fl-e4"/>
      </object_component>
      <object_component id="oc-fc">
         <name>.debug_info</name>
         <load_address>0x22d01</load_address>
         <run_address>0x22d01</run_address>
         <size>0x19f</size>
         <input_file_ref idref="fl-e4"/>
      </object_component>
      <object_component id="oc-2b7">
         <name>.debug_info</name>
         <load_address>0x22ea0</load_address>
         <run_address>0x22ea0</run_address>
         <size>0x2c</size>
         <input_file_ref idref="fl-e4"/>
      </object_component>
      <object_component id="oc-39a">
         <name>.debug_info</name>
         <load_address>0x22ecc</load_address>
         <run_address>0x22ecc</run_address>
         <size>0x10a</size>
         <input_file_ref idref="fl-e5"/>
      </object_component>
      <object_component id="oc-380">
         <name>.debug_info</name>
         <load_address>0x22fd6</load_address>
         <run_address>0x22fd6</run_address>
         <size>0x116</size>
         <input_file_ref idref="fl-e5"/>
      </object_component>
      <object_component id="oc-316">
         <name>.debug_info</name>
         <load_address>0x230ec</load_address>
         <run_address>0x230ec</run_address>
         <size>0x160</size>
         <input_file_ref idref="fl-e6"/>
      </object_component>
      <object_component id="oc-2f2">
         <name>.debug_info</name>
         <load_address>0x2324c</load_address>
         <run_address>0x2324c</run_address>
         <size>0x13c</size>
         <input_file_ref idref="fl-e7"/>
      </object_component>
      <object_component id="oc-301">
         <name>.debug_info</name>
         <load_address>0x23388</load_address>
         <run_address>0x23388</run_address>
         <size>0x13e</size>
         <input_file_ref idref="fl-e7"/>
      </object_component>
[...]
      <symbol id="sm-a2b">
         <name>SysCtlPWMClockSet</name>
         <value>0x3d03</value>
         <object_component_ref idref="oc-bd"/>
      </symbol>
      <symbol id="sm-a2c">
         <name>SysCtlUSBPLLEnable</name>
         <value>0x3d6b</value>
         <object_component_ref idref="oc-bd"/>
      </symbol>
      <symbol id="sm-a2d">
         <name>SysCtlPeripheralSleepEnable</name>
         <value>0x32c1</value>
         <object_component_ref idref="oc-bd"/>
      </symbol>
      <symbol id="sm-a2e">
         <name>SysCtlIntUnregister</name>
         <value>0x3445</value>
         <object_component_ref idref="oc-bd"/>
      </symbol>
      <symbol id="sm-a2f">
         <name>SysCtlUSBPLLDisable</name>
         <value>0x3d77</value>
         <object_component_ref idref="oc-bd"/>
      </symbol>
      <symbol id="sm-a30">
         <name>SysCtlPeripheralReady</name>
         <value>0x3101</value>
         <object_component_ref idref="oc-bd"/>
      </symbol>
      <symbol id="sm-a31">
         <name>SysCtlPIOSCCalibrate</name>
         <value>0x3559</value>
         <object_component_ref idref="oc-bd"/>
      </symbol>
      <symbol id="sm-a32">
         <name>SysCtlResetCauseClear</name>
         <value>0x352f</value>
         <object_component_ref idref="oc-bd"/>
      </symbol>
      <symbol id="sm-a33">
         <name>SysCtlLDOSleepGet</name>
         <value>0x34bd</value>
         <object_component_ref idref="oc-bd"/>
      </symbol>
      <symbol id="sm-a34">
         <name>SysCtlClockFreqSet</name>
         <value>0x360d</value>
         <object_component_ref idref="oc-bd"/>
      </symbol>
      <symbol id="sm-a35">
         <name>SysCtlPeripheralReset</name>
         <value>0x31b9</value>
         <object_component_ref idref="oc-bd"/>
      </symbol>
      <symbol id="sm-ab3">
         <name>UARTClockSourceGet</name>
         <value>0x7309</value>
         <object_component_ref idref="oc-c9"/>
      </symbol>
      <symbol id="sm-ab4">
         <name>UARTCharPutNonBlocking</name>
         <value>0x717d</value>
         <object_component_ref idref="oc-c9"/>
      </symbol>
      <symbol id="sm-ab5">
         <name>UARTDMAEnable</name>
         <value>0x72a3</value>
         <object_component_ref idref="oc-c9"/>
      </symbol>
      <symbol id="sm-ab6">
         <name>UARTTxIntModeSet</name>
         <value>0x70e1</value>
         <object_component_ref idref="oc-c9"/>
      </symbol>
      <symbol id="sm-ab7">
         <name>UARTFIFODisable</name>
         <value>0x6f87</value>
         <object_component_ref idref="oc-c9"/>
      </symbol>
      <symbol id="sm-ab8">
         <name>UARTIntUnregister</name>
         <value>0x7229</value>
         <object_component_ref idref="oc-c9"/>
      </symbol>
      <symbol id="sm-ab9">
         <name>UARTRxErrorClear</name>
         <value>0x72e5</value>
         <object_component_ref idref="oc-c9"/>
      </symbol>
      <symbol id="sm-aba">
         <name>UARTModemControlSet</name>
         <value>0x7029</value>
         <object_component_ref idref="oc-c9"/>
      </symbol>
      <symbol id="sm-abb">
         <name>UARTFlowControlSet</name>
         <value>0x70b3</value>
         <object_component_ref idref="oc-c9"/>
      </symbol>
      <symbol id="sm-abc">
         <name>UARTConfigSetExpClk</name>
         <value>0x6e61</value>
         <object_component_ref idref="oc-c9"/>
      </symbol>
      <symbol id="sm-abd">
         <name>UARTSmartCardDisable</name>
         <value>0x7013</value>
         <object_component_ref idref="oc-c9"/>
      </symbol>
      <symbol id="sm-abe">
         <name>UARTDisable</name>
         <value>0x6f47</value>
         <object_component_ref idref="oc-c9"/>
      </symbol>
      <symbol id="sm-abf">
         <name>UART9BitDisable</name>
         <value>0x732f</value>
         <object_component_ref idref="oc-c9"/>
      </symbol>
      <symbol id="sm-ac0">
         <name>UARTFIFOLevelGet</name>
         <value>0x6e39</value>
         <object_component_ref idref="oc-c9"/>
      </symbol>
      <symbol id="sm-ac1">
         <name>UARTBusy</name>
         <value>0x71e9</value>
         <object_component_ref idref="oc-c9"/>
      </symbol>
      <symbol id="sm-ac2">
         <name>UARTDisableSIR</name>
         <value>0x6fcb</value>
         <object_component_ref idref="oc-c9"/>
      </symbol>
      <symbol id="sm-ac3">
         <name>UARTLoopbackEnable</name>
         <value>0x73b3</value>
         <object_component_ref idref="oc-c9"/>
      </symbol>
      <symbol id="sm-ac4">
         <name>UARTIntEnable</name>
         <value>0x7243</value>
         <object_component_ref idref="oc-c9"/>
      </symbol>
      <symbol id="sm-ac5">
         <name>UARTCharsAvail</name>
         <value>0x710f</value>
         <object_component_ref idref="oc-c9"/>
      </symbol>
      <symbol id="sm-ac6">
         <name>UARTCharGetNonBlocking</name>
         <value>0x714b</value>
         <object_component_ref idref="oc-c9"/>
      </symbol>
      <symbol id="sm-ac7">
         <name>UARTClockSourceSet</name>
         <value>0x72f5</value>
         <object_component_ref idref="oc-c9"/>
      </symbol>
      <symbol id="sm-ac8">
         <name>UARTTxIntModeGet</name>
         <value>0x70fd</value>
         <object_component_ref idref="oc-c9"/>
      </symbol>
      <symbol id="sm-ac9">
         <name>UARTModemStatusGet</name>
         <value>0x709f</value>
         <object_component_ref idref="oc-c9"/>
      </symbol>
      <symbol id="sm-aca">
         <name>UARTIntDisable</name>
         <value>0x725b</value>
         <object_component_ref idref="oc-c9"/>
      </symbol>
      <symbol id="sm-acb">
         <name>UARTCharPut</name>
         <value>0x71a1</value>
         <object_component_ref idref="oc-c9"/>
      </symbol>
      <symbol id="sm-acc">
         <name>UARTParityModeSet</name>
         <value>0x6df3</value>
         <object_component_ref idref="oc-c9"/>
      </symbol>
      <symbol id="sm-acd">
         <name>UARTRxErrorGet</name>
         <value>0x72d3</value>
         <object_component_ref idref="oc-c9"/>
      </symbol>
      <symbol id="sm-ace">
         <name>UARTConfigGetExpClk</name>
         <value>0x6ed7</value>
         <object_component_ref idref="oc-c9"/>
      </symbol>
      <symbol id="sm-acf">
         <name>UARTEnableSIR</name>
         <value>0x6f9d</value>
         <object_component_ref idref="oc-c9"/>
      </symbol>
      <symbol id="sm-ad0">
         <name>UARTEnable</name>
         <value>0x6f23</value>
         <object_component_ref idref="oc-c9"/>
      </symbol>
      <symbol id="sm-ad1">
         <name>UART9BitAddrSend</name>
         <value>0x736b</value>
         <object_component_ref idref="oc-c9"/>
      </symbol>
      <symbol id="sm-ad2">
         <name>UARTModemControlGet</name>
         <value>0x708d</value>
         <object_component_ref idref="oc-c9"/>
      </symbol>
      <symbol id="sm-ad3">
         <name>UARTSmartCardEnable</name>
         <value>0x6fe1</value>
         <object_component_ref idref="oc-c9"/>
      </symbol>
      <symbol id="sm-ad4">
         <name>UARTFlowControlGet</name>
         <value>0x70cf</value>
         <object_component_ref idref="oc-c9"/>
      </symbol>
      <symbol id="sm-ad5">
         <name>UARTFIFOEnable</name>
         <value>0x6f71</value>
         <object_component_ref idref="oc-c9"/>
      </symbol>
      <symbol id="sm-ad6">
         <name>UARTIntClear</name>
         <value>0x7291</value>
         <object_component_ref idref="oc-c9"/>
      </symbol>
      <symbol id="sm-ad7">
         <name>UARTIntStatus</name>
         <value>0x7273</value>
         <object_component_ref idref="oc-c9"/>
      </symbol>
      <symbol id="sm-ad8">
         <name>UARTDMADisable</name>
         <value>0x72bb</value>
         <object_component_ref idref="oc-c9"/>
      </symbol>
      <symbol id="sm-ad9">
         <name>UART9BitEnable</name>
         <value>0x7319</value>
         <object_component_ref idref="oc-c9"/>
      </symbol>
      <symbol id="sm-ada">
         <name>UARTSpaceAvail</name>
         <value>0x712d</value>
         <object_component_ref idref="oc-c9"/>
      </symbol>
      <symbol id="sm-adb">
         <name>UARTCharGet</name>
         <value>0x7167</value>
         <object_component_ref idref="oc-c9"/>
      </symbol>
      <symbol id="sm-adc">
         <name>UARTFIFOLevelSet</name>
         <value>0x6e21</value>
         <object_component_ref idref="oc-c9"/>
      </symbol>
      <symbol id="sm-add">
         <name>UARTModemControlClear</name>
         <value>0x7069</value>
         <object_component_ref idref="oc-c9"/>
      </symbol>
      <symbol id="sm-ade">
         <name>UARTParityModeGet</name>
         <value>0x6e0f</value>
         <object_component_ref idref="oc-c9"/>
      </symbol>
      <symbol id="sm-adf">
         <name>UARTIntRegister</name>
         <value>0x7207</value>
         <object_component_ref idref="oc-c9"/>
      </symbol>
      <symbol id="sm-ae0">
         <name>UARTBreakCtl</name>
         <value>0x71bf</value>
         <object_component_ref idref="oc-c9"/>
      </symbol>
      <symbol id="sm-ae1">
         <name>UART9BitAddrSet</name>
         <value>0x7345</value>
         <object_component_ref idref="oc-c9"/>
      </symbol>
      <symbol id="sm-af2">
         <name>_c_int00</name>
         <value>0x8cd5</value>
         <object_component_ref idref="oc-24"/>
      </symbol>
      <symbol id="sm-af3">
         <name>__stack</name>
         <value>0x2000cd78</value>
         <object_component_ref idref="oc-2a"/>
      </symbol>
      <symbol id="sm-b0a">
         <name>__TI_decompress_none</name>
         <value>0x8f29</value>
         <object_component_ref idref="oc-12"/>
      </symbol>
      <symbol id="sm-b32">
         <name>__TI_decompress_rle24</name>
         <value>0x8f71</value>
         <object_component_ref idref="oc-18"/>
      </symbol>
      <symbol id="sm-b54">
         <name>C$$EXIT</name>
         <value>0x8d29</value>
         <object_component_ref idref="oc-82"/>
      </symbol>
      <symbol id="sm-b55">
         <name>abort</name>
         <value>0x8d2d</value>
         <object_component_ref idref="oc-82"/>
      </symbol>
      <symbol id="sm-b56">
         <name>exit</name>
         <value>0x8d35</value>
         <object_component_ref idref="oc-82"/>
      </symbol>
      <symbol id="sm-b57">
         <name>__TI_dtors_ptr</name>
         <value>0x2000cfc0</value>
         <object_component_ref idref="oc-111"/>
      </symbol>
      <symbol id="sm-b58">
         <name>__TI_cleanup_ptr</name>
         <value>0x2000cfbc</value>
         <object_component_ref idref="oc-111"/>
      </symbol>
      <symbol id="sm-b59">
         <name>__TI_enable_exit_profile_output</name>
         <value>0x2000cfc4</value>
         <object_component_ref idref="oc-111"/>
      </symbol>
      <symbol id="sm-b74">
         <name>memcpy</name>
         <value>0x88b9</value>
         <object_component_ref idref="oc-45"/>
      </symbol>
      <symbol id="sm-b75">
         <name>__aeabi_memcpy</name>
         <value>0x88b9</value>
         <object_component_ref idref="oc-45"/>
      </symbol>
      <symbol id="sm-b76">
         <name>__aeabi_memcpy8</name>
         <value>0x88b9</value>
         <object_component_ref idref="oc-45"/>
      </symbol>
      <symbol id="sm-b77">
         <name>__aeabi_memcpy4</name>
         <value>0x88b9</value>
         <object_component_ref idref="oc-45"/>
      </symbol>
      <symbol id="sm-b86">
         <name>__aeabi_memset</name>
         <value>0x8a63</value>
         <object_component_ref idref="oc-5e"/>
      </symbol>
      <symbol id="sm-b87">
         <name>memset</name>
         <value>0x8a69</value>
         <object_component_ref idref="oc-5e"/>
      </symbol>
      <symbol id="sm-b88">
         <name>__aeabi_memset8</name>
         <value>0x8a63</value>
         <object_component_ref idref="oc-5e"/>
      </symbol>
      <symbol id="sm-b89">
         <name>__aeabi_memset4</name>
         <value>0x8a63</value>
         <object_component_ref idref="oc-5e"/>
      </symbol>
      <symbol id="sm-b8a">
         <name>__aeabi_memclr8</name>
         <value>0x8a61</value>
         <object_component_ref idref="oc-5e"/>
      </symbol>
      <symbol id="sm-b8b">
         <name>__aeabi_memclr4</name>
         <value>0x8a61</value>
         <object_component_ref idref="oc-5e"/>
      </symbol>
      <symbol id="sm-b8c">
         <name>__aeabi_memclr</name>
         <value>0x8a61</value>
         <object_component_ref idref="oc-5e"/>
      </symbol>
      <symbol id="sm-b96">
         <name>__mpu_init</name>
         <value>0x848b</value>
         <object_component_ref idref="oc-6a"/>
      </symbol>
      <symbol id="sm-ba0">
         <name>_system_pre_init</name>
         <value>0x8f7b</value>
         <object_component_ref idref="oc-70"/>
      </symbol>
      <symbol id="sm-bb9">
         <name>sprintf</name>
         <value>0x8c1d</value>
         <object_component_ref idref="oc-159"/>
      </symbol>
      <symbol id="sm-bc1">
         <name>main_func_sp</name>
         <value>0x2000cff0</value>
         <object_component_ref idref="oc-88"/>
      </symbol>
      <symbol id="sm-bcf">
         <name>strcpy</name>
         <value>0x8f01</value>
         <object_component_ref idref="oc-14d"/>
      </symbol>
      <symbol id="sm-bdd">
         <name>strlen</name>
         <value>0x8f15</value>
         <object_component_ref idref="oc-153"/>
      </symbol>
      <symbol id="sm-bf6">
         <name>_nop</name>
         <value>0x8ee7</value>
         <object_component_ref idref="oc-217"/>
      </symbol>
      <symbol id="sm-bf7">
         <name>_lock</name>
         <value>0x2000cfe0</value>
         <object_component_ref idref="oc-114"/>
      </symbol>
      <symbol id="sm-bf8">
         <name>_unlock</name>
         <value>0x2000cfe4</value>
         <object_component_ref idref="oc-114"/>
      </symbol>
      <symbol id="sm-bf9">
         <name>_register_lock</name>
         <value>0x8edf</value>
         <object_component_ref idref="oc-217"/>
      </symbol>
      <symbol id="sm-bfa">
         <name>_register_unlock</name>
         <value>0x8ed9</value>
         <object_component_ref idref="oc-217"/>
      </symbol>
      <symbol id="sm-d01">
         <name>__TI_printfi</name>
         <value>0x2c9b</value>
         <object_component_ref idref="oc-264"/>
      </symbol>
      <symbol id="sm-d15">
         <name>_args_main</name>
         <value>0x8ea9</value>
         <object_component_ref idref="oc-7c"/>
      </symbol>
      <symbol id="sm-d2b">
         <name>atoi</name>
         <value>0x8d7d</value>
         <object_component_ref idref="oc-332"/>
      </symbol>
      <symbol id="sm-d50">
         <name>__TI_auto_init</name>
         <value>0x8add</value>
         <object_component_ref idref="oc-76"/>
      </symbol>
      <symbol id="sm-d6a">
         <name>copy_in</name>
         <value>0x8dc9</value>
         <object_component_ref idref="oc-fb"/>
      </symbol>
      <symbol id="sm-d75">
         <name>_ctypes_</name>
         <value>0x9130</value>
         <object_component_ref idref="oc-37f"/>
      </symbol>
      <symbol id="sm-d8c">
         <name>__aeabi_dsub</name>
         <value>0x7f79</value>
         <object_component_ref idref="oc-315"/>
      </symbol>
      <symbol id="sm-d8d">
         <name>__aeabi_dadd</name>
         <value>0x7f83</value>
         <object_component_ref idref="oc-315"/>
      </symbol>
      <symbol id="sm-daf">
         <name>__aeabi_cdcmpeq</name>
         <value>0x8955</value>
         <object_component_ref idref="oc-2f1"/>
      </symbol>
      <symbol id="sm-db0">
         <name>__aeabi_cdcmple</name>
         <value>0x8955</value>
         <object_component_ref idref="oc-2f1"/>
      </symbol>
      <symbol id="sm-db1">
         <name>__aeabi_cdrcmple</name>
         <value>0x89db</value>
         <object_component_ref idref="oc-300"/>
      </symbol>
      <symbol id="sm-dc5">
         <name>__aeabi_ddiv</name>
         <value>0x812f</value>
         <object_component_ref idref="oc-2fb"/>
      </symbol>
      <symbol id="sm-dd0">
         <name>__aeabi_dmul</name>
         <value>0x838f</value>
         <object_component_ref idref="oc-2f6"/>
      </symbol>
      <symbol id="sm-dda">
         <name>__aeabi_d2iz</name>
         <value>0x8e15</value>
         <object_component_ref idref="oc-305"/>
      </symbol>
      <symbol id="sm-de4">
         <name>__aeabi_i2d</name>
         <value>0x8e5d</value>
         <object_component_ref idref="oc-310"/>
      </symbol>
      <symbol id="sm-df3">
         <name>ltoa</name>
         <value>0x8c7d</value>
         <object_component_ref idref="oc-30a"/>
      </symbol>
      <symbol id="sm-e03">
         <name>memccpy</name>
         <value>0x8e8b</value>
         <object_component_ref idref="oc-32c"/>
      </symbol>
      <symbol id="sm-e1e">
         <name>frexpl</name>
         <value>0x8bb9</value>
         <object_component_ref idref="oc-31a"/>
      </symbol>
      <symbol id="sm-e1f">
         <name>frexp</name>
         <value>0x8bb9</value>
         <object_component_ref idref="oc-31a"/>
      </symbol>
      <symbol id="sm-e3c">
         <name>scalbn</name>
         <value>0x848d</value>
         <object_component_ref idref="oc-320"/>
      </symbol>
      <symbol id="sm-e3d">
         <name>scalbnl</name>
         <value>0x848d</value>
         <object_component_ref idref="oc-320"/>
      </symbol>
      <symbol id="sm-e3e">
         <name>ldexpl</name>
         <value>0x848d</value>
         <object_component_ref idref="oc-320"/>
      </symbol>
      <symbol id="sm-e3f">
         <name>ldexp</name>
         <value>0x848d</value>
         <object_component_ref idref="oc-320"/>
      </symbol>
      <symbol id="sm-e49">
         <name>_system_post_cinit</name>
         <value>0x8747</value>
         <object_component_ref idref="oc-101"/>
      </symbol>
      <symbol id="sm-e59">
         <name>strchr</name>
         <value>0x8ec1</value>
         <object_component_ref idref="oc-326"/>
      </symbol>
      <symbol id="sm-e75">
         <name>__aeabi_uldivmod</name>
         <value>0x7d85</value>
         <object_component_ref idref="oc-2ec"/>
      </symbol>
      <symbol id="sm-e7d">
         <name>errno</name>
         <value>0x2000cfec</value>
         <object_component_ref idref="oc-376"/>
      </symbol>
      <symbol id="sm-e87">
         <name>copysign</name>
         <value>0x8eed</value>
         <object_component_ref idref="oc-370"/>
      </symbol>
      <symbol id="sm-e88">
         <name>copysignl</name>
         <value>0x8eed</value>
         <object_component_ref idref="oc-370"/>
      </symbol>
      <symbol id="sm-eb2">
         <name>CPUbasepriGet</name>
         <value>0x8f5b</value>
         <object_component_ref idref="oc-1d6"/>
      </symbol>
      <symbol id="sm-eb3">
         <name>CPUbasepriSet</name>
         <value>0x8f65</value>
         <object_component_ref idref="oc-1d0"/>
      </symbol>
      <symbol id="sm-eb4">
         <name>CPUcpsie</name>
         <value>0x8f43</value>
         <object_component_ref idref="oc-1be"/>
      </symbol>
      <symbol id="sm-eb5">
         <name>CPUcpsid</name>
         <value>0x8f37</value>
         <object_component_ref idref="oc-1c4"/>
      </symbol>
      <symbol id="sm-eb6">
         <name>CPUwfi</name>
         <value>0x8f77</value>
         <object_component_ref idref="oc-193"/>
      </symbol>
      <symbol id="sm-eb7">
         <name>__TI_static_base__</name>
         <value>0x0</value>
      </symbol>
      <symbol id="sm-eba">
         <name>SHT$$INIT_ARRAY$$Limit</name>
         <value>0x0</value>
      </symbol>
      <symbol id="sm-ebb">
         <name>SHT$$INIT_ARRAY$$Base</name>
         <value>0x0</value>
      </symbol>
   </symbol_table>
   <title>Link successful</title>
</link_info>
